No errors! Great job.
should not cache erroring trees
No errors! Great job.
